// Jest Snapshot v1, https://goo.gl/fbAQLP

exports[`UniswapV3Pool gas tests fee is off #burn above current price burn entire position after some time passes 1`] = `56987`;

exports[`UniswapV3Pool gas tests fee is off #burn above current price burn when only position using ticks 1`] = `56987`;

exports[`UniswapV3Pool gas tests fee is off #burn above current price entire position burn but other positions are using the ticks 1`] = `77279`;

exports[`UniswapV3Pool gas tests fee is off #burn above current price partial position burn 1`] = `92279`;

exports[`UniswapV3Pool gas tests fee is off #burn around current price burn entire position after some time passes 1`] = `75499`;

exports[`UniswapV3Pool gas tests fee is off #burn around current price burn when only position using ticks 1`] = `72195`;

exports[`UniswapV3Pool gas tests fee is off #burn around current price entire position burn but other positions are using the ticks 1`] = `88892`;

exports[`UniswapV3Pool gas tests fee is off #burn around current price partial position burn 1`] = `103892`;

exports[`UniswapV3Pool gas tests fee is off #burn below current price burn entire position after some time passes 1`] = `69823`;

exports[`UniswapV3Pool gas tests fee is off #burn below current price burn when only position using ticks 1`] = `69823`;

exports[`UniswapV3Pool gas tests fee is off #burn below current price entire position burn but other positions are using the ticks 1`] = `77946`;

exports[`UniswapV3Pool gas tests fee is off #burn below current price partial position burn 1`] = `92946`;

exports[`UniswapV3Pool gas tests fee is off #collect close to worst case 1`] = `40616`;

exports[`UniswapV3Pool gas tests fee is off #increaseObservationCardinalityNext grow by 1 slot 1`] = `54798`;

exports[`UniswapV3Pool gas tests fee is off #increaseObservationCardinalityNext no op 1`] = `28277`;

exports[`UniswapV3Pool gas tests fee is off #mint above current price add to position after some time passes 1`] = `108023`;

exports[`UniswapV3Pool gas tests fee is off #mint above current price add to position existing 1`] = `108023`;

exports[`UniswapV3Pool gas tests fee is off #mint above current price new position mint first in range 1`] = `176405`;

exports[`UniswapV3Pool gas tests fee is off #mint above current price second position in same range 1`] = `123023`;

exports[`UniswapV3Pool gas tests fee is off #mint around current price add to position after some time passes 1`] = `159722`;

exports[`UniswapV3Pool gas tests fee is off #mint around current price add to position existing 1`] = `148914`;

exports[`UniswapV3Pool gas tests fee is off #mint around current price new position mint first in range 1`] = `308537`;

exports[`UniswapV3Pool gas tests fee is off #mint around current price second position in same range 1`] = `163914`;

exports[`UniswapV3Pool gas tests fee is off #mint below current price add to position after some time passes 1`] = `108641`;

exports[`UniswapV3Pool gas tests fee is off #mint below current price add to position existing 1`] = `108641`;

exports[`UniswapV3Pool gas tests fee is off #mint below current price new position mint first in range 1`] = `280289`;

exports[`UniswapV3Pool gas tests fee is off #mint below current price second position in same range 1`] = `123641`;

exports[`UniswapV3Pool gas tests fee is off #poke best case 1`] = `42584`;

exports[`UniswapV3Pool gas tests fee is off #swapExact0For1 first swap in block moves tick, no initialized crossings 1`] = `118256`;

exports[`UniswapV3Pool gas tests fee is off #swapExact0For1 first swap in block with no tick movement 1`] = `104296`;

exports[`UniswapV3Pool gas tests fee is off #swapExact0For1 first swap in block, large swap crossing a single initialized tick 1`] = `120547`;

exports[`UniswapV3Pool gas tests fee is off #swapExact0For1 first swap in block, large swap crossing several initialized ticks 1`] = `135999`;

exports[`UniswapV3Pool gas tests fee is off #swapExact0For1 first swap in block, large swap, no initialized crossings 1`] = `130215`;

exports[`UniswapV3Pool gas tests fee is off #swapExact0For1 large swap crossing several initialized ticks after some time passes (seconds outside is set) 1`] = `150999`;

exports[`UniswapV3Pool gas tests fee is off #swapExact0For1 large swap crossing several initialized ticks second time after some time passes 1`] = `210999`;

exports[`UniswapV3Pool gas tests fee is off #swapExact0For1 second swap in block moves tick, no initialized crossings 1`] = `118256`;

exports[`UniswapV3Pool gas tests fee is off #swapExact0For1 second swap in block with no tick movement 1`] = `104407`;

exports[`UniswapV3Pool gas tests fee is off #swapExact0For1 second swap in block, large swap crossing a single initialized tick 1`] = `108228`;

exports[`UniswapV3Pool gas tests fee is off #swapExact0For1 second swap in block, large swap crossing several initialized ticks 1`] = `123659`;

exports[`UniswapV3Pool gas tests fee is on #burn above current price burn entire position after some time passes 1`] = `56987`;

exports[`UniswapV3Pool gas tests fee is on #burn above current price burn when only position using ticks 1`] = `56987`;

exports[`UniswapV3Pool gas tests fee is on #burn above current price entire position burn but other positions are using the ticks 1`] = `77279`;

exports[`UniswapV3Pool gas tests fee is on #burn above current price partial position burn 1`] = `92279`;

exports[`UniswapV3Pool gas tests fee is on #burn around current price burn entire position after some time passes 1`] = `75499`;

exports[`UniswapV3Pool gas tests fee is on #burn around current price burn when only position using ticks 1`] = `72195`;

exports[`UniswapV3Pool gas tests fee is on #burn around current price entire position burn but other positions are using the ticks 1`] = `88892`;

exports[`UniswapV3Pool gas tests fee is on #burn around current price partial position burn 1`] = `103892`;

exports[`UniswapV3Pool gas tests fee is on #burn below current price burn entire position after some time passes 1`] = `69823`;

exports[`UniswapV3Pool gas tests fee is on #burn below current price burn when only position using ticks 1`] = `69823`;

exports[`UniswapV3Pool gas tests fee is on #burn below current price entire position burn but other positions are using the ticks 1`] = `77946`;

exports[`UniswapV3Pool gas tests fee is on #burn below current price partial position burn 1`] = `92946`;

exports[`UniswapV3Pool gas tests fee is on #collect close to worst case 1`] = `40616`;

exports[`UniswapV3Pool gas tests fee is on #increaseObservationCardinalityNext grow by 1 slot 1`] = `54798`;

exports[`UniswapV3Pool gas tests fee is on #increaseObservationCardinalityNext no op 1`] = `28277`;

exports[`UniswapV3Pool gas tests fee is on #mint above current price add to position after some time passes 1`] = `108023`;

exports[`UniswapV3Pool gas tests fee is on #mint above current price add to position existing 1`] = `108023`;

exports[`UniswapV3Pool gas tests fee is on #mint above current price new position mint first in range 1`] = `176405`;

exports[`UniswapV3Pool gas tests fee is on #mint above current price second position in same range 1`] = `123023`;

exports[`UniswapV3Pool gas tests fee is on #mint around current price add to position after some time passes 1`] = `159722`;

exports[`UniswapV3Pool gas tests fee is on #mint around current price add to position existing 1`] = `148914`;

exports[`UniswapV3Pool gas tests fee is on #mint around current price new position mint first in range 1`] = `308537`;

exports[`UniswapV3Pool gas tests fee is on #mint around current price second position in same range 1`] = `163914`;

exports[`UniswapV3Pool gas tests fee is on #mint below current price add to position after some time passes 1`] = `108641`;

exports[`UniswapV3Pool gas tests fee is on #mint below current price add to position existing 1`] = `108641`;

exports[`UniswapV3Pool gas tests fee is on #mint below current price new position mint first in range 1`] = `280289`;

exports[`UniswapV3Pool gas tests fee is on #mint below current price second position in same range 1`] = `123641`;

exports[`UniswapV3Pool gas tests fee is on #poke best case 1`] = `42584`;

exports[`UniswapV3Pool gas tests fee is on #swapExact0For1 first swap in block moves tick, no initialized crossings 1`] = `124443`;

exports[`UniswapV3Pool gas tests fee is on #swapExact0For1 first swap in block with no tick movement 1`] = `110336`;

exports[`UniswapV3Pool gas tests fee is on #swapExact0For1 first swap in block, large swap crossing a single initialized tick 1`] = `126881`;

exports[`UniswapV3Pool gas tests fee is on #swapExact0For1 first swap in block, large swap crossing several initialized ticks 1`] = `142774`;

exports[`UniswapV3Pool gas tests fee is on #swapExact0For1 first swap in block, large swap, no initialized crossings 1`] = `136696`;

exports[`UniswapV3Pool gas tests fee is on #swapExact0For1 large swap crossing several initialized ticks after some time passes (seconds outside is set) 1`] = `157774`;

exports[`UniswapV3Pool gas tests fee is on #swapExact0For1 large swap crossing several initialized ticks second time after some time passes 1`] = `217774`;

exports[`UniswapV3Pool gas tests fee is on #swapExact0For1 second swap in block moves tick, no initialized crossings 1`] = `124443`;

exports[`UniswapV3Pool gas tests fee is on #swapExact0For1 second swap in block with no tick movement 1`] = `110447`;

exports[`UniswapV3Pool gas tests fee is on #swapExact0For1 second swap in block, large swap crossing a single initialized tick 1`] = `114415`;

exports[`UniswapV3Pool gas tests fee is on #swapExact0For1 second swap in block, large swap crossing several initialized ticks 1`] = `130287`;
