// Jest Snapshot v1, https://goo.gl/fbAQLP

exports[`UniswapV3Factory #createPool gas 1`] = `4510882`;

exports[`UniswapV3Factory factory bytecode size 1`] = `24322`;

exports[`UniswapV3Factory pool bytecode size 1`] = `21899`;
